[localhost/hypermedia/index.html]
[backblue.gif]
[fade.gif]
[index.html]
[localhost/hypermedia/css/bootstrap.min.css]
[localhost/hypermedia/css/style.css]
[localhost/hypermedia/index-2.html]
[localhost/hypermedia/images/logo.png]
[localhost/hypermedia/images/header.jpg]
[localhost/hypermedia/trails.html]
[localhost/hypermedia/territories.html]
[localhost/hypermedia/hh.html]
[localhost/hypermedia/aboutus.html]
[localhost/hypermedia/gethere.html]
[localhost/hypermedia/images/00-black-bear-cub-vladivostok-russia-01-27-02-15.jpg]
[localhost/hypermedia/images/weather today.png]
[localhost/hypermedia/images/weather next.png]
[localhost/hypermedia/images/weather next2.png]
[localhost/hypermedia/images/pdf.png]
[localhost/hypermedia/images/facebook.png]
[localhost/hypermedia/images/twitter.png]
[localhost/hypermedia/images/instagram.png]
[ajax.googleapis.com/ajax/libs/jquery/1.12.4/jquery.min.js]
[localhost/hypermedia/index.html]
[localhost/hypermedia/js/bootstrap.min.js]
[localhost/hypermedia/index-2.html]
[localhost/hypermedia/traildifficulty681a.html]
[localhost/hypermedia/traildifficultyd708.html]
[localhost/hypermedia/traildifficultyd61c.html]
[localhost/hypermedia/trails.html]
[localhost/hypermedia/images/hiking-feet-fall-1240.jpg]
[localhost/hypermedia/territorycategory681a.html]
[localhost/hypermedia/territorycategory0b30.html]
[localhost/hypermedia/territories.html]
[localhost/hypermedia/territorycategoryd708.html]
[localhost/hypermedia/hhdetail681a.html]
[localhost/hypermedia/hhdetail0b30.html]
[localhost/hypermedia/images/freemans-campground-03.jpg]
[localhost/hypermedia/hh.html]
[localhost/hypermedia/aboutusad9b.html]
[localhost/hypermedia/aboutus.html]
[localhost/hypermedia/aboutus2669.html]
[localhost/hypermedia/images/RTEmagicC_come_raggiungerci_01.jpg.jpg]
[localhost/hypermedia/images/Villa_Santi_h.jpg]
[localhost/hypermedia/gethere.html]
[localhost/hypermedia/trail681a.html]
[localhost/hypermedia/images/muoversi_a_piedi_h - easy.jpg]
[localhost/hypermedia/traildifficulty681a.html]
[localhost/hypermedia/traildcfd.html]
[localhost/hypermedia/traildifficultyd708.html]
[localhost/hypermedia/images/muoversi_a_piedi_h - Challenging.jpg]
[localhost/hypermedia/trail8803.html]
[localhost/hypermedia/traildifficultyd61c.html]
[localhost/hypermedia/images/muoversi_a_piedi_h - Very difficult.jpg]
[localhost/hypermedia/images/Parco-naturale-Adamello-Brenta_imagefullwide.jpg]
[localhost/hypermedia/territory0b30.html]
[localhost/hypermedia/territorycategory681a.html]
[localhost/hypermedia/images/RTEmagicC_volpe_fauna_01.jpg]
[localhost/hypermedia/territoryd61c.html]
[localhost/hypermedia/territorycategory0b30.html]
[localhost/hypermedia/images/RTEmagicC_Per_teaser_valli_01.jpg]
[localhost/hypermedia/territoryc3c9.html]
[localhost/hypermedia/territorycategoryd708.html]
[localhost/hypermedia/hhgallery681a.html]
[localhost/hypermedia/images/posizione sant'antonio.png]
[localhost/hypermedia/images/posizione sant'antonio2.png]
[localhost/hypermedia/hhdetail681a.html]
[localhost/hypermedia/hhgallery0b30.html]
[localhost/hypermedia/images/posizione valagola.png]
[localhost/hypermedia/images/posizione valagola2.png]
[localhost/hypermedia/hhdetail0b30.html]
[localhost/hypermedia/aboutusad9b.html]
[localhost/hypermedia/images/RTEmagicC_vignetta_osvaldo_con_fiori_01.gif.gif]
[localhost/hypermedia/images/RTEmagicC_vignetta_osvaldo_con_cane_03.gif.gif]
[localhost/hypermedia/images/RTEmagicC_vignetta_osvaldo_con_rana_01.gif.gif]
[localhost/hypermedia/images/RTEmagicC_vignetta_osvaldo_con_fuoco_01.gif.gif]
[localhost/hypermedia/images/RTEmagicC_vignetta_osvaldo_con_bici_01.gif.gif]
[localhost/hypermedia/images/RTEmagicC_vignetta_osvaldo_con_fossili_01.gif.gif]
[localhost/hypermedia/images/RTEmagicC_vignetta_osvaldo_con_musica_01.gif.gif]
[localhost/hypermedia/images/RTEmagicC_vignetta_osvaldo_con_tende_01.gif.gif]
[localhost/hypermedia/images/RTEmagicC_vignetta_osvaldo_con_funghi_01.gif.gif]
[localhost/hypermedia/images/RTEmagicC_vignetta_osvaldo_con_reb_01.gif.gif]
[localhost/hypermedia/aboutus2669.html]
[localhost/hypermedia/images/harlequin2.jpg]
[localhost/hypermedia/trail681a.html]
[localhost/hypermedia/images/purple-mountain-trail.jpg]
[localhost/hypermedia/traildcfd.html]
[localhost/hypermedia/images/lostlaketrail-940x350.jpg]
[localhost/hypermedia/trail8803.html]
[localhost/hypermedia/images/RTEmagicC_Laghetto_Mandrone_territorio_2.jpg]
[localhost/hypermedia/territory0b30.html]
[localhost/hypermedia/images/orso-marsicano-e-cuccioli.jpg]
[localhost/hypermedia/territoryd61c.html]
[localhost/hypermedia/images/59041-004-7F34BA3A.jpg]
[localhost/hypermedia/territoryc3c9.html]
[localhost/hypermedia/images/RTEmagicC_mavignola_01.jpg]
[localhost/hypermedia/images/71879_sala-da-pranzo.jpg]
[localhost/hypermedia/hhgallery681a.html]
[localhost/hypermedia/images/RTEmagicC_Casina_Valagola_01.jpg]
[localhost/hypermedia/images/05.jpg]
[localhost/hypermedia/hhgallery0b30.html]
[localhost/hypermedia/fonts/glyphicons-halflings-regular.eot]
[localhost/hypermedia/fonts/glyphicons-halflings-regular.woff]
[localhost/hypermedia/fonts/glyphicons-halflings-regular.ttf]
[localhost/hypermedia/css/bootstrap.min.css]
[localhost/hypermedia/css/style.css]
[localhost/hypermedia/trails.html]
[localhost/hypermedia/traildifficulty681a.html]
[localhost/hypermedia/territorycategory681a.html]
[localhost/hypermedia/aboutusad9b.html]
[localhost/hypermedia/trail681a.html]
[localhost/hypermedia/traildcfd.html]
[localhost/hypermedia/trail8803.html]
[localhost/hypermedia/territory0b30.html]
[localhost/hypermedia/territoryd61c.html]
[localhost/hypermedia/territoryc3c9.html]
[localhost/hypermedia/fonts/glyphicons-halflings-regulard41d.eot]
[localhost/hypermedia/hhgallery0b30.html]
[localhost/hypermedia/fonts/glyphicons-halflings-regular.html]
[localhost/hypermedia/fonts/glyphicons-halflings-regular.svg]
